---
# Source: ccsm-helm/templates/service-monitor.yaml
apiVersion: monitoring.coreos.com/v1
kind: ServiceMonitor
metadata:
  name: ccms-service-monitor
  labels:
    app: camunda-cloud-self-managed
    app.kubernetes.io/name: ccsm-helm
    app.kubernetes.io/instance: ccsm-helm-test
    app.kubernetes.io/managed-by: Helm
    app.kubernetes.io/version: 1.3.4
    app.kubernetes.io/part-of: camunda-cloud-self-managed
    release: metrics
spec:
  selector:
    matchLabels:
      app: camunda-cloud-self-managed
  endpoints:
    - honorLabels: true
      port: http
      interval: 10s