---
# Source: ccsm-helm/charts/tasklist/templates/configmap.yaml
kind: ConfigMap
metadata:
  name: ccsm-helm-test-tasklist
  labels:
    app: camunda-cloud-self-managed
    app.kubernetes.io/name: tasklist
    helm.sh/chart: tasklist-0.0.17
    app.kubernetes.io/instance: ccsm-helm-test
    app.kubernetes.io/managed-by: Helm
    app.kubernetes.io/version: 1.3.1
    app.kubernetes.io/part-of: camunda-cloud-self-managed
    app.kubernetes.io/component: tasklist
apiVersion: v1
data:
  application.yml: |
    # Tasklist configuration file

    camunda.tasklist:
      # Set Tasklist username and password.
      # If user with <username> does not exists it will be created.
      # Default: demo/demo
      #username:
      #password:
      # ELS instance to store Tasklist data
      elasticsearch:
        # Cluster name
        clusterName: elasticsearch
        # Host
        host: elasticsearch-master
        # Transport port
        port: 9200
      # Zeebe instance
      zeebe:
        # Broker contact point
        brokerContactPoint: ccsm-helm-test-zeebe-gateway:26500
      # ELS instance to export Zeebe data to
      zeebeElasticsearch:
        # Cluster name
        clusterName: elasticsearch
        # Host
        host: elasticsearch-master
        # Transport port
        port: 9200
        # Index prefix, configured in Zeebe Elasticsearch exporter
        prefix: zeebe-record
    #Spring Boot Actuator endpoints to be exposed
    management.endpoints.web.exposure.include: health,info,conditions,configprops,prometheus
    # Enable or disable metrics
    #management.metrics.export.prometheus.enabled: false