---
# Source: ccsm-helm/charts/tasklist/templates/service.yaml
apiVersion: v1
kind: Service
metadata:
  name: ccsm-helm-test-tasklist
  labels:
    app: camunda-cloud-self-managed
    app.kubernetes.io/name: tasklist
    helm.sh/chart: tasklist-0.0.15
    app.kubernetes.io/instance: ccsm-helm-test
    app.kubernetes.io/managed-by: Helm
    app.kubernetes.io/version: 1.3.1
    app.kubernetes.io/part-of: camunda-cloud-self-managed
    app.kubernetes.io/component: tasklist
spec:
  type: ClusterIP
  ports:
  - port: 80
    name: http
    targetPort: 8080
    protocol: TCP
  selector:
    app: camunda-cloud-self-managed
    app.kubernetes.io/name: tasklist
    helm.sh/chart: tasklist-0.0.15
    app.kubernetes.io/instance: ccsm-helm-test
    app.kubernetes.io/managed-by: Helm
    app.kubernetes.io/version: 1.3.1
    app.kubernetes.io/part-of: camunda-cloud-self-managed
    app.kubernetes.io/component: tasklist