---
# Source: ccsm-helm/charts/zeebe/templates/poddisruptionbudget.yaml
apiVersion: policy/v1beta1
kind: PodDisruptionBudget
metadata:
  name: "ccsm-helm-test-zeebe"
  labels:
    app: camunda-cloud-self-managed
    app.kubernetes.io/name: zeebe
    helm.sh/chart: zeebe-0.0.17
    app.kubernetes.io/instance: ccsm-helm-test
    app.kubernetes.io/managed-by: Helm
    app.kubernetes.io/version: 1.3.1
    app.kubernetes.io/part-of: camunda-cloud-self-managed
    app.kubernetes.io/component: zeebe-broker
spec:
  maxUnavailable: 1
  selector:
    matchLabels:
      app: camunda-cloud-self-managed
      app.kubernetes.io/name: zeebe
      helm.sh/chart: zeebe-0.0.17
      app.kubernetes.io/instance: ccsm-helm-test
      app.kubernetes.io/managed-by: Helm
      app.kubernetes.io/version: 1.3.1
      app.kubernetes.io/part-of: camunda-cloud-self-managed
      app.kubernetes.io/component: zeebe-broker