---
# Source: ccsm-helm/charts/zeebe/templates/serviceaccount.yaml
apiVersion: v1
kind: ServiceAccount
metadata:
  name: ccsm-helm-test-zeebe
  labels:
    app: camunda-cloud-self-managed
    app.kubernetes.io/name: zeebe
    helm.sh/chart: zeebe-0.0.15
    app.kubernetes.io/instance: ccsm-helm-test
    app.kubernetes.io/managed-by: Helm
    app.kubernetes.io/version: 1.3.1
    app.kubernetes.io/part-of: camunda-cloud-self-managed
    app.kubernetes.io/component: zeebe-broker