---
# Source: ccsm-helm/charts/zeebe/templates/service.yaml
apiVersion: v1
kind: Service
metadata:
  name: "ccsm-helm-test-zeebe"
  labels:
    app: camunda-cloud-self-managed
    app.kubernetes.io/name: zeebe
    helm.sh/chart: zeebe-0.0.18
    app.kubernetes.io/instance: ccsm-helm-test
    app.kubernetes.io/managed-by: Helm
    app.kubernetes.io/version: 1.3.1
    app.kubernetes.io/part-of: camunda-cloud-self-managed
    app.kubernetes.io/component: zeebe-broker
  annotations:
    {}
spec:
  clusterIP: None
  publishNotReadyAddresses: true
  type: ClusterIP
  ports:
    - port: 9600
      protocol: TCP
      name: http
    - port: 26502
      protocol: TCP
      name: internal
    - port: 26501
      protocol: TCP
      name: command
  selector:
    app: camunda-cloud-self-managed
    app.kubernetes.io/name: zeebe
    helm.sh/chart: zeebe-0.0.18
    app.kubernetes.io/instance: ccsm-helm-test
    app.kubernetes.io/managed-by: Helm
    app.kubernetes.io/version: 1.3.1
    app.kubernetes.io/part-of: camunda-cloud-self-managed
    app.kubernetes.io/component: zeebe-broker