---
# Source: ccsm-helm/charts/operate/templates/serviceaccount.yaml
apiVersion: v1
kind: ServiceAccount
metadata:
  name: ccsm-helm-test-operate
  labels:
    app: camunda-cloud-self-managed
    app.kubernetes.io/name: operate
    app.kubernetes.io/instance: ccsm-helm-test
    app.kubernetes.io/managed-by: Helm
    app.kubernetes.io/part-of: camunda-cloud-self-managed
    app.kubernetes.io/version: "1.3.4"
    app.kubernetes.io/component: operate