---
# Source: camunda-platform/charts/optimize/templates/deployment.yaml
apiVersion: apps/v1
kind: Deployment
metadata:
  name: camunda-platform-test-optimize
  labels:
    app: camunda-platform
    app.kubernetes.io/name: optimize
    app.kubernetes.io/instance: camunda-platform-test
    app.kubernetes.io/managed-by: Helm
    app.kubernetes.io/part-of: camunda-platform
    app.kubernetes.io/version: "3.8.0"
    app.kubernetes.io/component: optimize
  annotations:
    {}
spec:
  replicas: 1
  selector:
    matchLabels:
      app: camunda-platform
      app.kubernetes.io/name: optimize
      app.kubernetes.io/instance: camunda-platform-test
      app.kubernetes.io/managed-by: Helm
      app.kubernetes.io/part-of: camunda-platform
      app.kubernetes.io/component: optimize
  template:
    metadata:
      labels:
        app: camunda-platform
        app.kubernetes.io/name: optimize
        app.kubernetes.io/instance: camunda-platform-test
        app.kubernetes.io/managed-by: Helm
        app.kubernetes.io/part-of: camunda-platform
        app.kubernetes.io/version: "3.8.0"
        app.kubernetes.io/component: optimize
    spec:
      containers:
      - name: optimize
        image: "camunda/optimize:3.8.0"
        env:
          - name: CAMUNDA_OPTIMIZE_ZEEBE_ENABLED
            value: "true"
          - name: OPTIMIZE_ELASTICSEARCH_HOST
            value: "elasticsearch-master"
          - name: OPTIMIZE_ELASTICSEARCH_HTTP_PORT
            value: "9200"
          - name: SPRING_PROFILES_ACTIVE
            value: "ccsm"
          - name: CAMUNDA_OPTIMIZE_IDENTITY_ISSUER_URL
            value: "http://localhost:18080/auth/realms/camunda-platform"
          - name: CAMUNDA_OPTIMIZE_IDENTITY_ISSUER_BACKEND_URL
            value: "http://camunda-platform-tes:80/auth/realms/camunda-platform"
          - name: CAMUNDA_OPTIMIZE_IDENTITY_CLIENTID
            value: "optimize"
          - name: CAMUNDA_OPTIMIZE_IDENTITY_CLIENTSECRET
            valueFrom:
              secretKeyRef:
                name: "camunda-platform-test-optimize-identity-secret"
                key: optimize-secret
          - name: CAMUNDA_OPTIMIZE_IDENTITY_AUDIENCE
            value: "optimize-api"
          - name: CAMUNDA_OPTIMIZE_SECURITY_AUTH_COOKIE_SAME_SITE_ENABLED
            value: "false"
        resources:
          limits:
            cpu: 1000m
            memory: 2Gi
          requests:
            cpu: 400m
            memory: 1Gi
        ports:
        - containerPort: 8090
          name: http
          protocol: TCP
        volumeMounts:
      volumes: