---
# Source: ccsm-helm/charts/zeebe/templates/poddisruptionbudget.yaml
apiVersion: policy/v1beta1
kind: PodDisruptionBudget
metadata:
  name: "ccsm-helm-test-zeebe"
  labels:
    app: camunda-platform
    app.kubernetes.io/name: zeebe
    app.kubernetes.io/instance: ccsm-helm-test
    app.kubernetes.io/managed-by: Helm
    app.kubernetes.io/part-of: camunda-platform
    app.kubernetes.io/version: "1.3.4"
    app.kubernetes.io/component: zeebe-broker
spec:
  maxUnavailable: 1
  selector:
    matchLabels:
      app: camunda-platform
      app.kubernetes.io/name: zeebe
      app.kubernetes.io/instance: ccsm-helm-test
      app.kubernetes.io/managed-by: Helm
      app.kubernetes.io/part-of: camunda-platform
      app.kubernetes.io/component: zeebe-broker