---
# Source: ccsm-helm/charts/zeebe/templates/serviceaccount.yaml
apiVersion: v1
kind: ServiceAccount
metadata:
  name: ccsm-helm-test-zeebe
  labels:
    app: camunda-platform
    app.kubernetes.io/name: zeebe
    app.kubernetes.io/instance: ccsm-helm-test
    app.kubernetes.io/managed-by: Helm
    app.kubernetes.io/part-of: camunda-platform
    app.kubernetes.io/version: "1.3.4"
    app.kubernetes.io/component: zeebe-broker