---
# Source: camunda-platform/charts/identity/templates/deployment.yaml
apiVersion: apps/v1
kind: Deployment
metadata:
  name: camunda-platform-test-identity
  labels:
    app: camunda-platform
    app.kubernetes.io/name: identity
    app.kubernetes.io/instance: camunda-platform-test
    app.kubernetes.io/managed-by: Helm
    app.kubernetes.io/part-of: camunda-platform
    app.kubernetes.io/version: "SNAPSHOT"
    app.kubernetes.io/component: identity
  annotations:
    {}
spec:
  replicas: 1
  selector:
    matchLabels:
      app: camunda-platform
      app.kubernetes.io/name: identity
      app.kubernetes.io/instance: camunda-platform-test
      app.kubernetes.io/managed-by: Helm
      app.kubernetes.io/part-of: camunda-platform
      app.kubernetes.io/component: identity
  template:
    metadata:
      labels:
        app: camunda-platform
        app.kubernetes.io/name: identity
        app.kubernetes.io/instance: camunda-platform-test
        app.kubernetes.io/managed-by: Helm
        app.kubernetes.io/part-of: camunda-platform
        app.kubernetes.io/version: "SNAPSHOT"
        app.kubernetes.io/component: identity
    spec:
      containers:
      - name: identity
        image: "camunda/identity:SNAPSHOT"
        env:
          - name: KEYCLOAK_USERS_0_USERNAME
            value: "demo"
          - name: KEYCLOAK_USERS_0_PASSWORD
            value: "demo"
          - name: KEYCLOAK_USERS_0_ROLES_0
            value: "Identity"
          - name: SERVER_PORT
            value: "8080"
          - name: KEYCLOAK_URL
            value: "http://camunda-platform-tes:80/auth"
          - name: IDENTITY_AUTH_PROVIDER_BACKEND_URL
            value: "http://camunda-platform-tes:80/auth/realms/camunda-platform"
          - name: KEYCLOAK_SETUP_USER
            value: admin
          - name: KEYCLOAK_SETUP_PASSWORD
            valueFrom:
                secretKeyRef:
                  name: camunda-platform-test-keycloak
                  key: admin-password
        resources:
          limits:
            cpu: 2000m
            memory: 2Gi
          requests:
            cpu: 600m
            memory: 400Mi
        ports:
        - containerPort: 8080
          name: http
          protocol: TCP