---
# Source: ccsm-helm/charts/identity/templates/serviceaccount.yaml
apiVersion: v1
kind: ServiceAccount
metadata:
  name: ccsm-helm-test-identity
  labels:
    app: camunda-platform
    app.kubernetes.io/name: identity
    app.kubernetes.io/instance: ccsm-helm-test
    app.kubernetes.io/managed-by: Helm
    app.kubernetes.io/part-of: camunda-platform
    app.kubernetes.io/version: "SNAPSHOT"
    app.kubernetes.io/component: identity