---
# Source: ccsm-helm/charts/zeebe-gateway/templates/configmap.yaml
kind: ConfigMap
metadata:
  name: ccsm-helm-test-zeebe-gateway-gateway
  labels:
    app: camunda-cloud-self-managed
    app.kubernetes.io/name: zeebe-gateway
    app.kubernetes.io/instance: ccsm-helm-test
    app.kubernetes.io/managed-by: Helm
    app.kubernetes.io/version: "1.3.4"
    app.kubernetes.io/part-of: camunda-cloud-self-managed
    app.kubernetes.io/component: zeebe-gateway
apiVersion: v1
data:
  gateway-log4j2.xml: |