---
# Source: ccsm-helm/charts/zeebe-gateway/templates/gateway-service.yaml
apiVersion: v1
kind: Service
metadata:
  name: "ccsm-helm-test-zeebe-gateway"
  labels:
    app: camunda-cloud-self-managed
    app.kubernetes.io/name: zeebe-gateway
    app.kubernetes.io/instance: ccsm-helm-test
    app.kubernetes.io/managed-by: Helm
    app.kubernetes.io/version: "1.3.4"
    app.kubernetes.io/part-of: camunda-cloud-self-managed
    app.kubernetes.io/component: zeebe-gateway
  annotations:
    foo: bar
spec:
  type: ClusterIP
  selector:
      app: camunda-cloud-self-managed
      app.kubernetes.io/name: zeebe-gateway
      app.kubernetes.io/instance: ccsm-helm-test
      app.kubernetes.io/managed-by: Helm
      app.kubernetes.io/version: "1.3.4"
      app.kubernetes.io/part-of: camunda-cloud-self-managed
      app.kubernetes.io/component: zeebe-gateway
  ports:
    - port: 9600
      protocol: TCP
      name: http
    - port: 26500
      protocol: TCP
      name: gateway