---
# Source: ccsm-helm/charts/zeebe-gateway/templates/gateway-deployment.yaml
apiVersion: apps/v1
kind: Deployment
metadata:
  name: "ccsm-helm-test-zeebe-gateway"
  labels:
    app: camunda-cloud-self-managed
    app.kubernetes.io/name: zeebe-gateway
    helm.sh/chart: zeebe-gateway-0.0.15
    app.kubernetes.io/instance: ccsm-helm-test
    app.kubernetes.io/managed-by: Helm
    app.kubernetes.io/version: 1.3.1
    app.kubernetes.io/part-of: camunda-cloud-self-managed
    app.kubernetes.io/component: zeebe-gateway
  annotations:
spec:
  replicas: 1
  selector:
    matchLabels:
      app: camunda-cloud-self-managed
      app.kubernetes.io/name: zeebe-gateway
      helm.sh/chart: zeebe-gateway-0.0.15
      app.kubernetes.io/instance: ccsm-helm-test
      app.kubernetes.io/managed-by: Helm
      app.kubernetes.io/version: 1.3.1
      app.kubernetes.io/part-of: camunda-cloud-self-managed
      app.kubernetes.io/component: zeebe-gateway
  template:
    metadata:
      labels:
        app: camunda-cloud-self-managed
        app.kubernetes.io/name: zeebe-gateway
        helm.sh/chart: zeebe-gateway-0.0.15
        app.kubernetes.io/instance: ccsm-helm-test
        app.kubernetes.io/managed-by: Helm
        app.kubernetes.io/version: 1.3.1
        app.kubernetes.io/part-of: camunda-cloud-self-managed
        app.kubernetes.io/component: zeebe-gateway
      annotations:
    spec:
      containers:
        - name: zeebe-gateway
          image: "camunda/zeebe:1.3.4"
          imagePullPolicy: IfNotPresent
          ports:
            - containerPort: 9600
              name: http
            - containerPort: 26500
              name: gateway
            - containerPort: 26502
              name: internal
          env:
            - name: ZEEBE_STANDALONE_GATEWAY
              value: "true"
            - name: ZEEBE_GATEWAY_CLUSTER_CLUSTERNAME
              value: ccsm-helm-test-zeebe
            - name: ZEEBE_GATEWAY_CLUSTER_MEMBERID
              valueFrom:
                fieldRef:
                  fieldPath: metadata.name
            - name: ZEEBE_LOG_LEVEL
              value: "info"
            - name: JAVA_TOOL_OPTIONS
              value: 
            - name: ZEEBE_GATEWAY_CLUSTER_CONTACTPOINT
              value: ccsm-helm-test-zeebe:26502
            - name: ZEEBE_GATEWAY_NETWORK_HOST
              value: 0.0.0.0
            - name: ZEEBE_GATEWAY_NETWORK_PORT
              value: "26500"
            - name: ZEEBE_GATEWAY_CLUSTER_HOST
              valueFrom:
                fieldRef:
                  fieldPath: status.podIP
            - name: ZEEBE_GATEWAY_CLUSTER_PORT
              value: "26502"
            - name: ZEEBE_GATEWAY_MONITORING_HOST
              value: 0.0.0.0
            - name: ZEEBE_GATEWAY_MONITORING_PORT
              value: "9600"
          volumeMounts:
          securityContext:
            {}
          readinessProbe:
            tcpSocket:
              port: gateway
            initialDelaySeconds: 20
            periodSeconds: 5
      volumes:
        - name: config
          configMap:
            name: ccsm-helm-test-zeebe-gateway-gateway
            defaultMode: 0744