---
# Source: ccsm-helm/charts/zeebe-gateway/templates/gateway-poddisruptionbudget.yaml
apiVersion: policy/v1beta1
kind: PodDisruptionBudget
metadata:
  name: "ccsm-helm-test-zeebe-gateway"
  labels:
    app: camunda-cloud-self-managed
    app.kubernetes.io/name: zeebe-gateway
    app.kubernetes.io/instance: ccsm-helm-test
    app.kubernetes.io/managed-by: Helm
    app.kubernetes.io/part-of: camunda-cloud-self-managed
    app.kubernetes.io/version: "1.3.4"
    app.kubernetes.io/component: zeebe-gateway
spec:
  minAvailable: 1
  selector:
    matchLabels:
      app: camunda-cloud-self-managed
      app.kubernetes.io/name: zeebe-gateway
      app.kubernetes.io/instance: ccsm-helm-test
      app.kubernetes.io/managed-by: Helm
      app.kubernetes.io/part-of: camunda-cloud-self-managed
      app.kubernetes.io/version: "1.3.4"
      app.kubernetes.io/component: zeebe-gateway